python : INFO:     Started 
server process [26184]
At line:1 char:1
+ python -m uvicorn 
main:app --host 127.0.0.1 
--port 8000 > error_log.t 
...
+ ~~~~~~~~~~~~~~~~~~~~~~~~~~
~~~~~~~~~~~~~~~~~~~~~~~~~~~~
~~~~~~~~~~~~~~~
    + CategoryInfo          
    : NotSpecified: (INFO:  
       Started server pro   
 cess [26184]:String) []    
, RemoteException
    + FullyQualifiedErrorId 
    : NativeCommandError
 
INFO:     Waiting for 
application startup.
INFO:     Application 
startup complete.
ERROR:    [Errno 10048] 
error while attempting to 
bind on address 
('127.0.0.1', 8000): only 
one usage of each socket 
address (protocol/network 
address/port) is normally 
permitted
INFO:     Waiting for 
application shutdown.
INFO:     Application 
shutdown complete.
[INFO] Database tables created/verified
[INFO] Checking for seed data...
[WARN] Database already has user data. Skipping seed to protect your data.
[INFO] Database check/seed completed
[INFO] Shutting down...
